// Jest Snapshot v1, https://goo.gl/fbAQLP

exports[`Tests in <PrimeraApp> should show <PrimeraApp/> successfully 1`] = `
<Fragment>
  <h1>
    Hola Yan
    !!
  </h1>
  <p>
    Soy un subtitulo
  </p>
</Fragment>
`;
